// Vitest Snapshot v1, https://vitest.dev/guide/snapshot.html

exports[`Github search component 1`] = `
<div
  className="max-w-2xl mx-auto p-2"
>
  <form
    className="flex items-center gap-1"
    onSubmit={[Function]}
  >
    <input
      className="border border-gray-300 rounded p-2 flex-grow"
      name="username"
      onInput={[Function]}
      placeholder="Enter your Github username"
      type="search"
    />
    <button
      className="bg-blue-500 text-white px-5 py-2 rounded"
      type="submit"
    >
      Search
    </button>
  </form>
</div>
`;

exports[`Github search component test to see if it renders correctly on input 1`] = `
<div
  className="max-w-2xl mx-auto p-2"
>
  <form
    className="flex items-center gap-1"
    onSubmit={[Function]}
  >
    <input
      className="border border-gray-300 rounded p-2 flex-grow"
      name="username"
      onInput={[Function]}
      placeholder="Enter your Github username"
      type="search"
    />
    <button
      className="bg-blue-500 text-white px-5 py-2 rounded"
      type="submit"
    >
      Search
    </button>
  </form>
</div>
`;
